#-----------------------------------------------------------
# Vivado v2015.2 (64-bit)
# SW Build 1266856 on Fri Jun 26 16:35:25 MDT 2015
# IP Build 1264090 on Wed Jun 24 14:22:01 MDT 2015
# Start of session at: Tue Dec 13 20:55:34 2016
# Process ID: 1392
# Log file: G:/Project_Clock/project_1/vivado.log
# Journal file: G:/Project_Clock/project_1\vivado.jou
#-----------------------------------------------------------
start_gui
open_project G:/Project_Clock/project_1/project_1.xpr
update_compile_order -fileset sources_1
update_compile_order -fileset sources_1
update_compile_order -fileset sim_1
launch_runs impl_2
wait_on_run impl_2
reset_run synth_1
launch_runs synth_1
wait_on_run synth_1
launch_runs impl_2
wait_on_run impl_2
launch_runs impl_2 -to_step write_bitstream
wait_on_run impl_2
reset_run impl_2 -prev_step 
open_run impl_2
set_property IOSTANDARD LVCMOS33 [get_ports [list {mode_[1]} {mode_[0]}]]
place_ports {mode_[0]} L1
place_ports {mode_[1]} P1
place_ports pause_ P3
save_constraints
reset_run impl_2
launch_runs impl_2 -to_step write_bitstream
wait_on_run impl_2
reset_run synth_1
launch_runs impl_2
wait_on_run impl_2
remove_port clr
save_constraints -force
reset_run synth_1
launch_runs synth_1
wait_on_run synth_1
launch_runs impl_2
wait_on_run impl_2
set_property IOSTANDARD LVCMOS33 [get_ports [list pause_]]
save_constraints -force
reset_run impl_2 -prev_step 
launch_runs impl_2
wait_on_run impl_2
reset_run impl_2
launch_runs impl_2
wait_on_run impl_2
refresh_design
set_property IOSTANDARD LVCMOS33 [get_ports [list {button_status[0]}]]
set_property IOSTANDARD LVCMOS33 [get_ports [list {button_status[1]}]]
set_property IOSTANDARD {} [get_ports [list {button_status[2]}]]
set_property IOSTANDARD LVCMOS33 [get_ports [list {button_status[3]}]]
set_property IOSTANDARD LVCMOS33 [get_ports [list {button_status[2]}]]
place_ports {button_status[0]} V19
place_ports {button_status[1]} U19
place_ports {button_status[2]} E19
place_ports {button_status[3]} U16
save_constraints
reset_run impl_2
launch_runs impl_2 -to_step write_bitstream
wait_on_run impl_2
open_hw
connect_hw_server -url localhost:3121
current_hw_target [get_hw_targets */xilinx_tcf/Digilent/210183736945A]
set_property PARAM.FREQUENCY 15000000 [get_hw_targets */xilinx_tcf/Digilent/210183736945A]
open_hw_target
set_property PROGRAM.FILE {G:/Project_Clock/project_1/project_1.runs/impl_2/project_clock.bit} [lindex [get_hw_devices] 0]
current_hw_device [lindex [get_hw_devices] 0]
refresh_hw_device -update_hw_probes false [lindex [get_hw_devices] 0]
set_property PROBES.FILE {} [lindex [get_hw_devices] 0]
set_property PROGRAM.FILE {G:/Project_Clock/project_1/project_1.runs/impl_2/project_clock.bit} [lindex [get_hw_devices] 0]
program_hw_devices [lindex [get_hw_devices] 0]
refresh_hw_device [lindex [get_hw_devices] 0]
startgroup
set_property package_pin "" [get_ports [list  {mode_[1]}]]
place_ports {mode_[0]} P1
endgroup
place_ports {mode_[1]} L1
save_constraints -force
reset_run impl_2
launch_runs impl_2
wait_on_run impl_2
reset_run synth_1
launch_runs impl_2 -to_step write_bitstream
wait_on_run impl_2
set_property PROBES.FILE {} [lindex [get_hw_devices] 0]
set_property PROGRAM.FILE {G:/Project_Clock/project_1/project_1.runs/impl_2/project_clock.bit} [lindex [get_hw_devices] 0]
program_hw_devices [lindex [get_hw_devices] 0]
refresh_hw_device [lindex [get_hw_devices] 0]
reset_run synth_1
launch_runs impl_2 -to_step write_bitstream
wait_on_run impl_2
set_property PROBES.FILE {} [lindex [get_hw_devices] 0]
set_property PROGRAM.FILE {G:/Project_Clock/project_1/project_1.runs/impl_2/project_clock.bit} [lindex [get_hw_devices] 0]
program_hw_devices [lindex [get_hw_devices] 0]
refresh_hw_device [lindex [get_hw_devices] 0]
reset_run synth_1
launch_runs impl_2 -to_step write_bitstream
wait_on_run impl_2
reset_run synth_1
launch_runs synth_1
wait_on_run synth_1
launch_runs impl_2
wait_on_run impl_2
launch_runs impl_2 -to_step write_bitstream
wait_on_run impl_2
set_property PROBES.FILE {} [lindex [get_hw_devices] 0]
set_property PROGRAM.FILE {G:/Project_Clock/project_1/project_1.runs/impl_2/project_clock.bit} [lindex [get_hw_devices] 0]
program_hw_devices [lindex [get_hw_devices] 0]
refresh_hw_device [lindex [get_hw_devices] 0]
reset_run synth_1
launch_runs impl_2 -to_step write_bitstream
wait_on_run impl_2
reset_run impl_2 -prev_step 
launch_runs impl_2 -to_step write_bitstream
wait_on_run impl_2
set_property PROBES.FILE {} [lindex [get_hw_devices] 0]
set_property PROGRAM.FILE {G:/Project_Clock/project_1/project_1.runs/impl_2/project_clock.bit} [lindex [get_hw_devices] 0]
program_hw_devices [lindex [get_hw_devices] 0]
refresh_hw_device [lindex [get_hw_devices] 0]
reset_run synth_1
launch_runs impl_2 -to_step write_bitstream
wait_on_run impl_2
reset_run synth_1
launch_runs impl_2 -to_step write_bitstream
wait_on_run impl_2
set_property PROBES.FILE {} [lindex [get_hw_devices] 0]
set_property PROGRAM.FILE {G:/Project_Clock/project_1/project_1.runs/impl_2/project_clock.bit} [lindex [get_hw_devices] 0]
program_hw_devices [lindex [get_hw_devices] 0]
refresh_hw_device [lindex [get_hw_devices] 0]
place_ports {button_status[0]} W17
place_ports {button_status[1]} W16
place_ports {button_status[2]} V16
place_ports {button_status[3]} V17
reset_run synth_1
save_constraints -force
launch_runs impl_2
wait_on_run impl_2
launch_runs impl_2 -to_step write_bitstream
wait_on_run impl_2
set_property PROBES.FILE {} [lindex [get_hw_devices] 0]
set_property PROGRAM.FILE {G:/Project_Clock/project_1/project_1.runs/impl_2/project_clock.bit} [lindex [get_hw_devices] 0]
program_hw_devices [lindex [get_hw_devices] 0]
refresh_hw_device [lindex [get_hw_devices] 0]
place_ports {button_status[0]} V19
place_ports {button_status[1]} U19
set_property package_pin "" [get_ports [list  {button_status[3]}]]
place_ports {button_status[2]} E19
place_ports {button_status[3]} U16
place_ports {button_in[0]} W17
place_ports {button_in[1]} W16
place_ports {button_in[2]} V16
place_ports {button_in[3]} V17
save_constraints -force
reset_run impl_2
launch_runs impl_2
wait_on_run impl_2
launch_runs impl_2 -to_step write_bitstream
wait_on_run impl_2
set_property PROBES.FILE {} [lindex [get_hw_devices] 0]
set_property PROGRAM.FILE {G:/Project_Clock/project_1/project_1.runs/impl_2/project_clock.bit} [lindex [get_hw_devices] 0]
program_hw_devices [lindex [get_hw_devices] 0]
refresh_hw_device [lindex [get_hw_devices] 0]
reset_run impl_2 -prev_step 
launch_runs impl_2 -to_step write_bitstream
wait_on_run impl_2
reset_run synth_1
launch_runs impl_2 -to_step write_bitstream
wait_on_run impl_2
set_property PROBES.FILE {} [lindex [get_hw_devices] 0]
set_property PROGRAM.FILE {G:/Project_Clock/project_1/project_1.runs/impl_2/project_clock.bit} [lindex [get_hw_devices] 0]
program_hw_devices [lindex [get_hw_devices] 0]
refresh_hw_device [lindex [get_hw_devices] 0]
reset_run synth_1
launch_runs impl_2
wait_on_run impl_2
launch_runs impl_2 -to_step write_bitstream
wait_on_run impl_2
set_property PROBES.FILE {} [lindex [get_hw_devices] 0]
set_property PROGRAM.FILE {G:/Project_Clock/project_1/project_1.runs/impl_2/project_clock.bit} [lindex [get_hw_devices] 0]
program_hw_devices [lindex [get_hw_devices] 0]
refresh_hw_device [lindex [get_hw_devices] 0]
place_ports {button_in[0]} U18
place_ports {button_in[1]} T18
place_ports {button_in[2]} U17
place_ports {button_in[3]} T17
save_constraints -force
reset_run impl_2
launch_runs impl_2 -to_step write_bitstream
wait_on_run impl_2
set_property PROBES.FILE {} [lindex [get_hw_devices] 0]
set_property PROGRAM.FILE {G:/Project_Clock/project_1/project_1.runs/impl_2/project_clock.bit} [lindex [get_hw_devices] 0]
program_hw_devices [lindex [get_hw_devices] 0]
refresh_hw_device [lindex [get_hw_devices] 0]
reset_run synth_1
launch_runs impl_2 -to_step write_bitstream
wait_on_run impl_2
reset_run synth_1
launch_runs impl_2
wait_on_run impl_2
reset_run synth_1
launch_runs impl_2
wait_on_run impl_2
reset_run synth_1
launch_runs synth_1
wait_on_run synth_1
launch_runs impl_2
wait_on_run impl_2
launch_runs impl_2 -to_step write_bitstream
wait_on_run impl_2
set_property PROBES.FILE {} [lindex [get_hw_devices] 0]
set_property PROGRAM.FILE {G:/Project_Clock/project_1/project_1.runs/impl_2/project_clock.bit} [lindex [get_hw_devices] 0]
program_hw_devices [lindex [get_hw_devices] 0]
refresh_hw_device [lindex [get_hw_devices] 0]
reset_run synth_1
launch_runs impl_2 -to_step write_bitstream
wait_on_run impl_2
set_property PROBES.FILE {} [lindex [get_hw_devices] 0]
set_property PROGRAM.FILE {G:/Project_Clock/project_1/project_1.runs/impl_2/project_clock.bit} [lindex [get_hw_devices] 0]
program_hw_devices [lindex [get_hw_devices] 0]
refresh_hw_device [lindex [get_hw_devices] 0]
set_property PROBES.FILE {} [lindex [get_hw_devices] 0]
set_property PROGRAM.FILE {G:/Project_Clock/project_1/project_1.runs/impl_2/project_clock.bit} [lindex [get_hw_devices] 0]
program_hw_devices [lindex [get_hw_devices] 0]
refresh_hw_device [lindex [get_hw_devices] 0]
reset_run synth_1
launch_runs impl_2 -to_step write_bitstream
wait_on_run impl_2
reset_run synth_1
launch_runs impl_2 -to_step write_bitstream
wait_on_run impl_2
reset_run synth_1
launch_runs impl_2 -to_step write_bitstream
wait_on_run impl_2
reset_run synth_1
launch_runs impl_2 -to_step write_bitstream
wait_on_run impl_2
reset_run impl_2 -prev_step 
launch_runs impl_2 -to_step write_bitstream
wait_on_run impl_2
reset_run impl_2 -prev_step 
reset_run synth_1
launch_runs impl_2 -to_step write_bitstream
wait_on_run impl_2
set_property PROBES.FILE {} [lindex [get_hw_devices] 0]
set_property PROGRAM.FILE {G:/Project_Clock/project_1/project_1.runs/impl_2/project_clock.bit} [lindex [get_hw_devices] 0]
program_hw_devices [lindex [get_hw_devices] 0]
refresh_hw_device [lindex [get_hw_devices] 0]
set_property PROBES.FILE {} [lindex [get_hw_devices] 0]
set_property PROGRAM.FILE {G:/Project_Clock/project_1/project_1.runs/impl_2/project_clock.bit} [lindex [get_hw_devices] 0]
program_hw_devices [lindex [get_hw_devices] 0]
refresh_hw_device [lindex [get_hw_devices] 0]
reset_run synth_1
launch_runs impl_2 -to_step write_bitstream
wait_on_run impl_2
close_hw_target
disconnect_hw_server localhost:3121
connect_hw_server -url localhost:3121
current_hw_target [get_hw_targets */xilinx_tcf/Digilent/210183736945A]
set_property PARAM.FREQUENCY 15000000 [get_hw_targets */xilinx_tcf/Digilent/210183736945A]
open_hw_target
current_hw_device [lindex [get_hw_devices] 0]
refresh_hw_device -update_hw_probes false [lindex [get_hw_devices] 0]
set_property PROBES.FILE {} [lindex [get_hw_devices] 0]
set_property PROGRAM.FILE {G:/Project_Clock/project_1/project_1.runs/impl_2/project_clock.bit} [lindex [get_hw_devices] 0]
program_hw_devices [lindex [get_hw_devices] 0]
refresh_hw_device [lindex [get_hw_devices] 0]
